This file contains any messages produced by compilers while
running configure, to aid debugging if configure makes a mistake.

It was created by Parafly configure 0.1, which was
generated by GNU Autoconf 2.69.  Invocation command line was

  $ ./configure --prefix=/rhome/jstajich/projects/funannotate/trinityrnaseq/trinity-plugins/ParaFly CXX=g++ CC=gcc CFLAGS=-fopenmp CXXFLAGS=-fopenmp

## --------- ##
## Platform. ##
## --------- ##

hostname = skylark
uname -m = x86_64
uname -r = 4.18.0-553.123.1.el8_10.x86_64
uname -s = Linux
uname -v = #1 SMP Tue May 5 15:46:59 UTC 2026

/usr/bin/uname -p = x86_64
/bin/uname -X     = unknown

/bin/arch              = x86_64
/usr/bin/arch -k       = unknown
/usr/convex/getsysinfo = unknown
/usr/bin/hostinfo      = unknown
/bin/machine           = unknown
/usr/bin/oslevel       = unknown
/bin/universe          = unknown

PATH: /rhome/jstajich/.codon/bin
PATH: /rhome/jstajich/go/bin
PATH: /rhome/jstajich/.local/bin
PATH: /rhome/jstajich/bin
PATH: /rhome/jstajich/.pixi/bin
PATH: /rhome/jstajich/.opencode/bin
PATH: /opt/linux/rocky/8.x/x86_64/pkgs/neovim/0.11.4/bin
PATH: /opt/linux/rocky/8.x/x86_64/pkgs/helix/25.07.1/bin
PATH: /opt/linux/rocky/8.x/x86_64/pkgs/tmux/3.6a/bin
PATH: /opt/linux/rocky/8.x/x86_64/pkgs/miniconda3/py39_4.12.0/bin
PATH: /opt/linux/rocky/8.x/x86_64/pkgs/miniconda3/py39_4.12.0/bin
PATH: /opt/linux/rocky/8.x/x86_64/pkgs/hpcc_user_utils/current/bin
PATH: /opt/linux/rocky/8.x/x86_64/pkgs/R/4.5.2/bin
PATH: /opt/linux/rocky/8.x/x86_64/pkgs/pandoc/2.17.1.1/bin
PATH: /opt/linux/rocky/8.x/x86_64/pkgs/texlive/20220403/bin/x86_64-linux
PATH: /opt/linux/rocky/8.x/x86_64/pkgs/java/21.0.7/bin
PATH: /opt/linux/rocky/8.x/x86_64/pkgs/openmpi/4.1.2_slurm-24.11.1/bin
PATH: /opt/linux/rocky/8.x/x86_64/pkgs/slurm/24.11.1/bin
PATH: /opt/linux/rocky/8.x/x86_64/pkgs/slurm/24.11.1/sbin
PATH: /usr/share/Modules/bin
PATH: /opt/linux/rhel/8.x/x86_64/pkgs/miniconda3/py39_4.12.0/condabin
PATH: /rhome/jstajich/.local/bin
PATH: /rhome/jstajich/.pixi/bin
PATH: /rhome/jstajich/.opencode/bin
PATH: /rhome/jstajich/.cargo/bin
PATH: /usr/bin
PATH: /bin
PATH: /usr/local/games
PATH: /usr/games
PATH: /usr/local/bin
PATH: /usr/lpp/mmfs/bin


## ----------- ##
## Core tests. ##
## ----------- ##

configure:1872: checking for a BSD-compatible install
configure:1940: result: /usr/bin/install -c
configure:1951: checking whether build environment is sane
configure:2001: result: yes
configure:2142: checking for a thread-safe mkdir -p
configure:2181: result: /usr/bin/mkdir -p
configure:2194: checking for gawk
configure:2210: found /usr/bin/gawk
configure:2221: result: gawk
configure:2232: checking whether make sets $(MAKE)
configure:2254: result: yes
configure:2452: checking for C++ compiler version
configure:2461: g++ --version >&5
g++ (GCC) 8.5.0 20210514 (Red Hat 8.5.0-28)
Copyright (C) 2018 Free Software Foundation, Inc.
This is free software; see the source for copying conditions.  There is NO
warranty; not even for MERCHANTABILITY or FITNESS FOR A PARTICULAR PURPOSE.

configure:2472: $? = 0
configure:2461: g++ -v >&5
Using built-in specs.
COLLECT_GCC=g++
COLLECT_LTO_WRAPPER=/usr/libexec/gcc/x86_64-redhat-linux/8/lto-wrapper
OFFLOAD_TARGET_NAMES=nvptx-none
OFFLOAD_TARGET_DEFAULT=1
Target: x86_64-redhat-linux
Configured with: ../configure --enable-bootstrap --enable-languages=c,c++,fortran,lto --prefix=/usr --mandir=/usr/share/man --infodir=/usr/share/info --with-bugurl=https://bugs.rockylinux.org/ --enable-shared --enable-threads=posix --enable-checking=release --enable-multilib --with-system-zlib --enable-__cxa_atexit --disable-libunwind-exceptions --enable-gnu-unique-object --enable-linker-build-id --with-gcc-major-version-only --with-linker-hash-style=gnu --enable-plugin --enable-initfini-array --with-isl --disable-libmpx --enable-offload-targets=nvptx-none --without-cuda-driver --enable-gnu-indirect-function --enable-cet --with-tune=generic --with-arch_32=x86-64 --build=x86_64-redhat-linux
Thread model: posix
gcc version 8.5.0 20210514 (Red Hat 8.5.0-28) (GCC) 
configure:2472: $? = 0
configure:2461: g++ -V >&5
g++: error: unrecognized command line option '-V'
g++: fatal error: no input files
compilation terminated.
configure:2472: $? = 1
configure:2461: g++ -qversion >&5
g++: error: unrecognized command line option '-qversion'; did you mean '--version'?
g++: fatal error: no input files
compilation terminated.
configure:2472: $? = 1
configure:2492: checking whether the C++ compiler works
configure:2514: g++ -fopenmp   conftest.cpp  >&5
configure:2518: $? = 0
configure:2566: result: yes
configure:2569: checking for C++ compiler default output file name
configure:2571: result: a.out
configure:2577: checking for suffix of executables
configure:2584: g++ -o conftest -fopenmp   conftest.cpp  >&5
configure:2588: $? = 0
configure:2610: result: 
configure:2632: checking whether we are cross compiling
configure:2640: g++ -o conftest -fopenmp   conftest.cpp  >&5
configure:2644: $? = 0
configure:2651: ./conftest
configure:2655: $? = 0
configure:2670: result: no
configure:2675: checking for suffix of object files
configure:2697: g++ -c -fopenmp  conftest.cpp >&5
configure:2701: $? = 0
configure:2722: result: o
configure:2726: checking whether we are using the GNU C++ compiler
configure:2745: g++ -c -fopenmp  conftest.cpp >&5
configure:2745: $? = 0
configure:2754: result: yes
configure:2763: checking whether g++ accepts -g
configure:2783: g++ -c -g  conftest.cpp >&5
configure:2783: $? = 0
configure:2824: result: yes
configure:2858: checking for style of include used by make
configure:2886: result: GNU
configure:2911: checking dependency style of g++
configure:3021: result: gcc3
configure:3045: checking for g++ option to support OpenMP
configure:3060: g++ -o conftest -fopenmp   conftest.cpp  >&5
configure:3060: $? = 0
configure:3092: result: none needed
configure:3113: checking for library containing cos
configure:3144: g++ -o conftest -fopenmp   conftest.cpp  >&5
conftest.cpp:18:6: warning: declaration of 'char cos()' conflicts with built-in declaration 'double cos(double)' [-Wbuiltin-declaration-mismatch]
 char cos ();
      ^~~
configure:3144: $? = 0
configure:3161: result: none required
configure:3303: creating ./config.status

## ---------------------- ##
## Running config.status. ##
## ---------------------- ##

This file was extended by Parafly config.status 0.1, which was
generated by GNU Autoconf 2.69.  Invocation command line was

  CONFIG_FILES    = 
  CONFIG_HEADERS  = 
  CONFIG_LINKS    = 
  CONFIG_COMMANDS = 
  $ ./config.status 

on skylark

config.status:837: creating Makefile
config.status:837: creating src/Makefile
config.status:837: creating config.h
config.status:1018: config.h is unchanged
config.status:1066: executing depfiles commands

## ---------------- ##
## Cache variables. ##
## ---------------- ##

ac_cv_cxx_compiler_gnu=yes
ac_cv_env_CCC_set=
ac_cv_env_CCC_value=
ac_cv_env_CPPFLAGS_set=
ac_cv_env_CPPFLAGS_value=
ac_cv_env_CXXFLAGS_set=set
ac_cv_env_CXXFLAGS_value=-fopenmp
ac_cv_env_CXX_set=set
ac_cv_env_CXX_value=g++
ac_cv_env_LDFLAGS_set=
ac_cv_env_LDFLAGS_value=
ac_cv_env_LIBS_set=
ac_cv_env_LIBS_value=
ac_cv_env_build_alias_set=
ac_cv_env_build_alias_value=
ac_cv_env_host_alias_set=
ac_cv_env_host_alias_value=
ac_cv_env_target_alias_set=
ac_cv_env_target_alias_value=
ac_cv_objext=o
ac_cv_path_install='/usr/bin/install -c'
ac_cv_path_mkdir=/usr/bin/mkdir
ac_cv_prog_AWK=gawk
ac_cv_prog_cxx_g=yes
ac_cv_prog_cxx_openmp='none needed'
ac_cv_prog_make_make_set=yes
ac_cv_search_cos='none required'
am_cv_CXX_dependencies_compiler_type=gcc3

## ----------------- ##
## Output variables. ##
## ----------------- ##

ACLOCAL='${SHELL} /rhome/jstajich/projects/funannotate/trinityrnaseq/trinity-plugins/ParaFly/missing --run aclocal-1.11'
AMDEPBACKSLASH='\'
AMDEP_FALSE='#'
AMDEP_TRUE=''
AMTAR='${SHELL} /rhome/jstajich/projects/funannotate/trinityrnaseq/trinity-plugins/ParaFly/missing --run tar'
AM_CXXFLAGS='-pedantic -Wall -Wextra -Wno-long-long -Wno-deprecated -m64'
AUTOCONF='${SHELL} /rhome/jstajich/projects/funannotate/trinityrnaseq/trinity-plugins/ParaFly/missing --run autoconf'
AUTOHEADER='${SHELL} /rhome/jstajich/projects/funannotate/trinityrnaseq/trinity-plugins/ParaFly/missing --run autoheader'
AUTOMAKE='${SHELL} /rhome/jstajich/projects/funannotate/trinityrnaseq/trinity-plugins/ParaFly/missing --run automake-1.11'
AWK='gawk'
CPPFLAGS=''
CXX='g++'
CXXDEPMODE='depmode=gcc3'
CXXFLAGS='-fopenmp'
CYGPATH_W='echo'
DEFS='-DHAVE_CONFIG_H'
DEPDIR='.deps'
ECHO_C=''
ECHO_N='-n'
ECHO_T=''
EXEEXT=''
INSTALL_DATA='${INSTALL} -m 644'
INSTALL_PROGRAM='${INSTALL}'
INSTALL_SCRIPT='${INSTALL}'
INSTALL_STRIP_PROGRAM='$(install_sh) -c -s'
LDFLAGS=''
LIBOBJS=''
LIBS=''
LTLIBOBJS=''
MAKEINFO='${SHELL} /rhome/jstajich/projects/funannotate/trinityrnaseq/trinity-plugins/ParaFly/missing --run makeinfo'
MKDIR_P='/usr/bin/mkdir -p'
OBJEXT='o'
OPENMP_CXXFLAGS=''
PACKAGE='parafly'
PACKAGE_BUGREPORT='bug-report@address'
PACKAGE_NAME='Parafly'
PACKAGE_STRING='Parafly 0.1'
PACKAGE_TARNAME='parafly'
PACKAGE_URL=''
PACKAGE_VERSION='0.1'
PATH_SEPARATOR=':'
SET_MAKE=''
SHELL='/bin/sh'
STRIP=''
VERSION='0.1'
ac_ct_CXX=''
am__EXEEXT_FALSE=''
am__EXEEXT_TRUE='#'
am__fastdepCXX_FALSE='#'
am__fastdepCXX_TRUE=''
am__include='include'
am__isrc=''
am__leading_dot='.'
am__quote=''
am__tar='${AMTAR} chof - "$$tardir"'
am__untar='${AMTAR} xf -'
bindir='${exec_prefix}/bin'
build_alias=''
datadir='${datarootdir}'
datarootdir='${prefix}/share'
docdir='${datarootdir}/doc/${PACKAGE_TARNAME}'
dvidir='${docdir}'
exec_prefix='${prefix}'
host_alias=''
htmldir='${docdir}'
includedir='${prefix}/include'
infodir='${datarootdir}/info'
install_sh='${SHELL} /rhome/jstajich/projects/funannotate/trinityrnaseq/trinity-plugins/ParaFly/install-sh'
libdir='${exec_prefix}/lib'
libexecdir='${exec_prefix}/libexec'
localedir='${datarootdir}/locale'
localstatedir='${prefix}/var'
mandir='${datarootdir}/man'
mkdir_p='/usr/bin/mkdir -p'
oldincludedir='/usr/include'
pdfdir='${docdir}'
prefix='/rhome/jstajich/projects/funannotate/trinityrnaseq/trinity-plugins/ParaFly'
program_transform_name='s,x,x,'
psdir='${docdir}'
sbindir='${exec_prefix}/sbin'
sharedstatedir='${prefix}/com'
sysconfdir='${prefix}/etc'
target_alias=''

## ----------- ##
## confdefs.h. ##
## ----------- ##

/* confdefs.h */
#define PACKAGE_NAME "Parafly"
#define PACKAGE_TARNAME "parafly"
#define PACKAGE_VERSION "0.1"
#define PACKAGE_STRING "Parafly 0.1"
#define PACKAGE_BUGREPORT "bug-report@address"
#define PACKAGE_URL ""
#define PACKAGE "parafly"
#define VERSION "0.1"

configure: exit 0
